Apr 13 05:35:25 vmi1666406 sshd[660871]: Failed password for root from 180.101.88.231 port 56115 ssh2
Apr 13 05:35:28 vmi1666406 sshd[660873]: Failed password for root from 180.101.88.231 port 56683 ssh2
Apr 13 05:35:28 vmi1666406 sshd[660871]: Failed password for root from 180.101.88.231 port 56115 ssh2
Apr 13 05:35:31 vmi1666406 sshd[660873]: Failed password for root from 180.101.88.231 port 56683 ssh2
Apr 13 05:35:32 vmi1666406 sshd[660871]: Failed password for root from 180.101.88.231 port 56115 ssh2
Apr 13 05:36:34 vmi1666406 sshd[660876]: Failed password for root from 180.101.88.231 port 22558 ssh2
Apr 13 05:36:37 vmi1666406 sshd[660878]: Failed password for root from 180.101.88.231 port 42330 ssh2
Apr 13 05:36:38 vmi1666406 sshd[660876]: Failed password for root from 180.101.88.231 port 22558 ssh2
Apr 13 05:36:40 vmi1666406 sshd[660878]: Failed password for root from 180.101.88.231 port 42330 ssh2
Apr 13 05:36:40 vmi1666406 sshd[660876]: Failed password for root from 180.101.88.231 port 22558 ssh2
Apr 13 05:36:43 vmi1666406 sshd[660878]: Failed password for root from 180.101.88.231 port 42330 ssh2
Apr 13 05:37:40 vmi1666406 sshd[660880]: Failed password for root from 180.101.88.231 port 27086 ssh2
Apr 13 05:37:41 vmi1666406 sshd[660882]: Failed password for root from 180.101.88.231 port 33886 ssh2
Apr 13 05:37:43 vmi1666406 sshd[660880]: Failed password for root from 180.101.88.231 port 27086 ssh2
Apr 13 05:37:44 vmi1666406 sshd[660882]: Failed password for root from 180.101.88.231 port 33886 ssh2
Apr 13 05:37:46 vmi1666406 sshd[660880]: Failed password for root from 180.101.88.231 port 27086 ssh2
Apr 13 05:37:47 vmi1666406 sshd[660882]: Failed password for root from 180.101.88.231 port 33886 ssh2
Apr 13 05:37:55 vmi1666406 sshd[660884]: Failed password for invalid user node from 104.131.186.218 port 47710 ssh2
Apr 13 05:38:50 vmi1666406 sshd[660887]: Failed password for root from 180.101.88.231 port 12299 ssh2
Apr 13 05:38:54 vmi1666406 sshd[660887]: Failed password for root from 180.101.88.231 port 12299 ssh2
Apr 13 05:38:55 vmi1666406 sshd[660889]: Failed password for root from 180.101.88.231 port 53545 ssh2
Apr 13 05:38:56 vmi1666406 sshd[660887]: Failed password for root from 180.101.88.231 port 12299 ssh2
Apr 13 05:38:58 vmi1666406 sshd[660889]: Failed password for root from 180.101.88.231 port 53545 ssh2
Apr 13 05:39:02 vmi1666406 sshd[660889]: Failed password for root from 180.101.88.231 port 53545 ssh2
Apr 13 05:39:56 vmi1666406 sshd[661128]: Failed password for root from 180.101.88.231 port 58802 ssh2
Apr 13 05:39:58 vmi1666406 sshd[661128]: Failed password for root from 180.101.88.231 port 58802 ssh2
Apr 13 05:40:00 vmi1666406 sshd[661130]: Failed password for root from 180.101.88.231 port 37213 ssh2
Apr 13 05:40:02 vmi1666406 sshd[661128]: Failed password for root from 180.101.88.231 port 58802 ssh2
Apr 13 05:40:03 vmi1666406 sshd[661130]: Failed password for root from 180.101.88.231 port 37213 ssh2
Apr 13 05:40:07 vmi1666406 sshd[661130]: Failed password for root from 180.101.88.231 port 37213 ssh2
Apr 13 05:40:42 vmi1666406 sshd[661132]: Failed password for invalid user admin from 103.87.143.111 port 34316 ssh2
Apr 13 05:41:07 vmi1666406 sshd[661156]: Failed password for root from 180.101.88.231 port 36333 ssh2
Apr 13 05:41:10 vmi1666406 sshd[661156]: Failed password for root from 180.101.88.231 port 36333 ssh2
Apr 13 05:41:10 vmi1666406 sshd[661158]: Failed password for root from 180.101.88.231 port 62803 ssh2
Apr 13 05:41:13 vmi1666406 sshd[661156]: Failed password for root from 180.101.88.231 port 36333 ssh2
Apr 13 05:41:13 vmi1666406 sshd[661158]: Failed password for root from 180.101.88.231 port 62803 ssh2
Apr 13 05:41:16 vmi1666406 sshd[661158]: Failed password for root from 180.101.88.231 port 62803 ssh2
Apr 13 05:42:11 vmi1666406 sshd[661167]: Failed password for root from 193.201.9.156 port 37549 ssh2
Apr 13 05:42:11 vmi1666406 sshd[661165]: Failed password for root from 180.101.88.231 port 19859 ssh2
Apr 13 05:42:13 vmi1666406 sshd[661169]: Failed password for root from 180.101.88.231 port 32421 ssh2
Apr 13 05:42:15 vmi1666406 sshd[661165]: Failed password for root from 180.101.88.231 port 19859 ssh2
Apr 13 05:42:16 vmi1666406 sshd[661169]: Failed password for root from 180.101.88.231 port 32421 ssh2
Apr 13 05:42:18 vmi1666406 sshd[661165]: Failed password for root from 180.101.88.231 port 19859 ssh2
Apr 13 05:42:19 vmi1666406 sshd[661169]: Failed password for root from 180.101.88.231 port 32421 ssh2
Apr 13 05:43:19 vmi1666406 sshd[661175]: Failed password for root from 180.101.88.231 port 41257 ssh2
Apr 13 05:43:19 vmi1666406 sshd[661177]: Failed password for root from 180.101.88.231 port 46549 ssh2
Apr 13 05:43:22 vmi1666406 sshd[661175]: Failed password for root from 180.101.88.231 port 41257 ssh2
Apr 13 05:43:22 vmi1666406 sshd[661177]: Failed password for root from 180.101.88.231 port 46549 ssh2
Apr 13 05:43:25 vmi1666406 sshd[661177]: Failed password for root from 180.101.88.231 port 46549 ssh2
Apr 13 05:43:25 vmi1666406 sshd[661175]: Failed password for root from 180.101.88.231 port 41257 ssh2
Apr 13 05:44:26 vmi1666406 sshd[661179]: Failed password for root from 180.101.88.231 port 62593 ssh2
Apr 13 05:44:28 vmi1666406 sshd[661181]: Failed password for root from 180.101.88.231 port 21328 ssh2
Apr 13 05:44:29 vmi1666406 sshd[661179]: Failed password for root from 180.101.88.231 port 62593 ssh2
Apr 13 05:44:31 vmi1666406 sshd[661181]: Failed password for root from 180.101.88.231 port 21328 ssh2
Apr 13 05:44:33 vmi1666406 sshd[661179]: Failed password for root from 180.101.88.231 port 62593 ssh2
Apr 13 05:44:34 vmi1666406 sshd[661181]: Failed password for root from 180.101.88.231 port 21328 ssh2
Apr 13 05:45:34 vmi1666406 sshd[661186]: Failed password for root from 180.101.88.231 port 12938 ssh2
Apr 13 05:45:35 vmi1666406 sshd[661188]: Failed password for root from 180.101.88.231 port 23330 ssh2
Apr 13 05:45:37 vmi1666406 sshd[661186]: Failed password for root from 180.101.88.231 port 12938 ssh2
Apr 13 05:45:39 vmi1666406 sshd[661188]: Failed password for root from 180.101.88.231 port 23330 ssh2
Apr 13 05:45:40 vmi1666406 sshd[661186]: Failed password for root from 180.101.88.231 port 12938 ssh2
Apr 13 05:45:42 vmi1666406 sshd[661188]: Failed password for root from 180.101.88.231 port 23330 ssh2
Apr 13 05:45:57 vmi1666406 sshd[661196]: Failed password for invalid user node from 104.131.186.218 port 47254 ssh2
Apr 13 05:46:43 vmi1666406 sshd[661202]: Failed password for root from 180.101.88.231 port 25542 ssh2
Apr 13 05:46:45 vmi1666406 sshd[661204]: Failed password for root from 180.101.88.231 port 42628 ssh2
Apr 13 05:46:45 vmi1666406 sshd[661202]: Failed password for root from 180.101.88.231 port 25542 ssh2
Apr 13 05:46:48 vmi1666406 sshd[661204]: Failed password for root from 180.101.88.231 port 42628 ssh2
Apr 13 05:46:49 vmi1666406 sshd[661202]: Failed password for root from 180.101.88.231 port 25542 ssh2
Apr 13 05:46:52 vmi1666406 sshd[661204]: Failed password for root from 180.101.88.231 port 42628 ssh2
Apr 13 05:47:52 vmi1666406 sshd[661223]: Failed password for root from 180.101.88.231 port 39254 ssh2
Apr 13 05:47:59 vmi1666406 sshd[661223]: message repeated 2 times: [ Failed password for root from 180.101.88.231 port 39254 ssh2]
Apr 13 05:48:14 vmi1666406 sshd[661225]: Failed password for root from 180.101.88.231 port 14094 ssh2
Apr 13 05:48:21 vmi1666406 sshd[661225]: message repeated 2 times: [ Failed password for root from 180.101.88.231 port 14094 ssh2]
Apr 13 05:49:02 vmi1666406 sshd[661227]: Failed password for root from 180.101.88.231 port 10331 ssh2
Apr 13 05:49:05 vmi1666406 sshd[661229]: Failed password for root from 180.101.88.231 port 33131 ssh2
Apr 13 05:49:06 vmi1666406 sshd[661227]: Failed password for root from 180.101.88.231 port 10331 ssh2
Apr 13 05:49:09 vmi1666406 sshd[661229]: Failed password for root from 180.101.88.231 port 33131 ssh2
Apr 13 05:49:09 vmi1666406 sshd[661227]: Failed password for root from 180.101.88.231 port 10331 ssh2
Apr 13 05:49:11 vmi1666406 sshd[661229]: Failed password for root from 180.101.88.231 port 33131 ssh2
Apr 13 05:50:06 vmi1666406 sshd[661233]: Failed password for root from 180.101.88.231 port 50896 ssh2
Apr 13 05:50:09 vmi1666406 sshd[661235]: Failed password for root from 180.101.88.231 port 16161 ssh2
Apr 13 05:50:09 vmi1666406 sshd[661233]: Failed password for root from 180.101.88.231 port 50896 ssh2
Apr 13 05:50:12 vmi1666406 sshd[661235]: Failed password for root from 180.101.88.231 port 16161 ssh2
Apr 13 05:50:13 vmi1666406 sshd[661233]: Failed password for root from 180.101.88.231 port 50896 ssh2
Apr 13 05:50:15 vmi1666406 sshd[661235]: Failed password for root from 180.101.88.231 port 16161 ssh2
Apr 13 05:51:00 vmi1666406 sshd[661237]: Failed password for root from 173.189.197.38 port 53334 ssh2
Apr 13 05:51:12 vmi1666406 sshd[661237]: message repeated 4 times: [ Failed password for root from 173.189.197.38 port 53334 ssh2]
Apr 13 05:51:16 vmi1666406 sshd[661237]: Failed password for root from 173.189.197.38 port 53334 ssh2
Apr 13 05:51:16 vmi1666406 sshd[661239]: Failed password for root from 180.101.88.231 port 28707 ssh2
Apr 13 05:51:17 vmi1666406 sshd[661241]: Failed password for root from 180.101.88.231 port 39307 ssh2
Apr 13 05:51:19 vmi1666406 sshd[661239]: Failed password for root from 180.101.88.231 port 28707 ssh2
Apr 13 05:51:21 vmi1666406 sshd[661243]: Failed password for root from 173.189.197.38 port 56996 ssh2
Apr 13 05:51:21 vmi1666406 sshd[661241]: Failed password for root from 180.101.88.231 port 39307 ssh2
Apr 13 05:51:22 vmi1666406 sshd[661239]: Failed password for root from 180.101.88.231 port 28707 ssh2
Apr 13 05:51:24 vmi1666406 sshd[661243]: Failed password for root from 173.189.197.38 port 56996 ssh2
Apr 13 05:51:24 vmi1666406 sshd[661241]: Failed password for root from 180.101.88.231 port 39307 ssh2
Apr 13 05:51:27 vmi1666406 sshd[661243]: Failed password for root from 173.189.197.38 port 56996 ssh2
Apr 13 05:51:36 vmi1666406 sshd[661243]: message repeated 3 times: [ Failed password for root from 173.189.197.38 port 56996 ssh2]
Apr 13 05:51:41 vmi1666406 sshd[661247]: Failed password for invalid user node from 104.131.186.218 port 58644 ssh2
Apr 13 05:51:41 vmi1666406 sshd[661245]: Failed password for root from 173.189.197.38 port 60740 ssh2
Apr 13 05:51:45 vmi1666406 sshd[661245]: Failed password for root from 173.189.197.38 port 60740 ssh2
Apr 13 05:51:54 vmi1666406 sshd[661245]: message repeated 3 times: [ Failed password for root from 173.189.197.38 port 60740 ssh2]
Apr 13 05:51:58 vmi1666406 sshd[661249]: Failed password for invalid user admin from 173.189.197.38 port 35510 ssh2
Apr 13 05:52:00 vmi1666406 sshd[661249]: Failed password for invalid user admin from 173.189.197.38 port 35510 ssh2
Apr 13 05:52:03 vmi1666406 sshd[661249]: Failed password for invalid user admin from 173.189.197.38 port 35510 ssh2
Apr 13 05:52:07 vmi1666406 sshd[661249]: Failed password for invalid user admin from 173.189.197.38 port 35510 ssh2
Apr 13 05:52:11 vmi1666406 sshd[661249]: Failed password for invalid user admin from 173.189.197.38 port 35510 ssh2
Apr 13 05:52:13 vmi1666406 sshd[661249]: Failed password for invalid user admin from 173.189.197.38 port 35510 ssh2
Apr 13 05:52:18 vmi1666406 sshd[661251]: Failed password for invalid user admin from 173.189.197.38 port 38826 ssh2
Apr 13 05:52:21 vmi1666406 sshd[661251]: Failed password for invalid user admin from 173.189.197.38 port 38826 ssh2
Apr 13 05:52:23 vmi1666406 sshd[661251]: Failed password for invalid user admin from 173.189.197.38 port 38826 ssh2
Apr 13 05:52:23 vmi1666406 sshd[661253]: Failed password for root from 180.101.88.231 port 38665 ssh2
Apr 13 05:52:26 vmi1666406 sshd[661251]: Failed password for invalid user admin from 173.189.197.38 port 38826 ssh2
Apr 13 05:52:27 vmi1666406 sshd[661253]: Failed password for root from 180.101.88.231 port 38665 ssh2
Apr 13 05:52:28 vmi1666406 sshd[661255]: Failed password for root from 180.101.88.231 port 15024 ssh2
Apr 13 05:52:30 vmi1666406 sshd[661251]: Failed password for invalid user admin from 173.189.197.38 port 38826 ssh2
Apr 13 05:52:30 vmi1666406 sshd[661253]: Failed password for root from 180.101.88.231 port 38665 ssh2
Apr 13 05:52:31 vmi1666406 sshd[661255]: Failed password for root from 180.101.88.231 port 15024 ssh2
Apr 13 05:52:32 vmi1666406 sshd[661251]: Failed password for invalid user admin from 173.189.197.38 port 38826 ssh2
Apr 13 05:52:34 vmi1666406 sshd[661255]: Failed password for root from 180.101.88.231 port 15024 ssh2
Apr 13 05:52:37 vmi1666406 sshd[661257]: Failed password for invalid user admin from 173.189.197.38 port 42172 ssh2
Apr 13 05:52:41 vmi1666406 sshd[661257]: Failed password for invalid user admin from 173.189.197.38 port 42172 ssh2
Apr 13 05:52:46 vmi1666406 sshd[661257]: Failed password for invalid user admin from 173.189.197.38 port 42172 ssh2
Apr 13 05:52:50 vmi1666406 sshd[661257]: Failed password for invalid user admin from 173.189.197.38 port 42172 ssh2
Apr 13 05:52:56 vmi1666406 sshd[661259]: Failed password for invalid user oracle from 173.189.197.38 port 45448 ssh2
Apr 13 05:53:00 vmi1666406 sshd[661259]: Failed password for invalid user oracle from 173.189.197.38 port 45448 ssh2
Apr 13 05:53:04 vmi1666406 sshd[661259]: Failed password for invalid user oracle from 173.189.197.38 port 45448 ssh2
Apr 13 05:53:06 vmi1666406 sshd[661259]: Failed password for invalid user oracle from 173.189.197.38 port 45448 ssh2
Apr 13 05:53:09 vmi1666406 sshd[661259]: Failed password for invalid user oracle from 173.189.197.38 port 45448 ssh2
Apr 13 05:53:14 vmi1666406 sshd[661259]: Failed password for invalid user oracle from 173.189.197.38 port 45448 ssh2
Apr 13 05:53:20 vmi1666406 sshd[661261]: Failed password for invalid user oracle from 173.189.197.38 port 49658 ssh2
Apr 13 05:53:24 vmi1666406 sshd[661261]: Failed password for invalid user oracle from 173.189.197.38 port 49658 ssh2
Apr 13 05:53:27 vmi1666406 sshd[661261]: Failed password for invalid user oracle from 173.189.197.38 port 49658 ssh2
Apr 13 05:53:31 vmi1666406 sshd[661261]: Failed password for invalid user oracle from 173.189.197.38 port 49658 ssh2
Apr 13 05:53:34 vmi1666406 sshd[661261]: Failed password for invalid user oracle from 173.189.197.38 port 49658 ssh2
Apr 13 05:53:34 vmi1666406 sshd[661263]: Failed password for root from 180.101.88.231 port 53491 ssh2
Apr 13 05:53:34 vmi1666406 sshd[661265]: Failed password for root from 180.101.88.231 port 55357 ssh2
Apr 13 05:53:36 vmi1666406 sshd[661263]: Failed password for root from 180.101.88.231 port 53491 ssh2
Apr 13 05:53:37 vmi1666406 sshd[661265]: Failed password for root from 180.101.88.231 port 55357 ssh2
Apr 13 05:53:38 vmi1666406 sshd[661261]: Failed password for invalid user oracle from 173.189.197.38 port 49658 ssh2
Apr 13 05:53:39 vmi1666406 sshd[661263]: Failed password for root from 180.101.88.231 port 53491 ssh2
Apr 13 05:53:40 vmi1666406 sshd[661265]: Failed password for root from 180.101.88.231 port 55357 ssh2
Apr 13 05:53:45 vmi1666406 sshd[661267]: Failed password for invalid user oracle from 173.189.197.38 port 54004 ssh2
Apr 13 05:53:49 vmi1666406 sshd[661267]: Failed password for invalid user oracle from 173.189.197.38 port 54004 ssh2
Apr 13 05:53:51 vmi1666406 sshd[661267]: Failed password for invalid user oracle from 173.189.197.38 port 54004 ssh2
Apr 13 05:53:56 vmi1666406 sshd[661267]: Failed password for invalid user oracle from 173.189.197.38 port 54004 ssh2
Apr 13 05:54:01 vmi1666406 sshd[661294]: Failed password for invalid user usuario from 173.189.197.38 port 57080 ssh2
Apr 13 05:54:03 vmi1666406 sshd[661294]: Failed password for invalid user usuario from 173.189.197.38 port 57080 ssh2
Apr 13 05:54:05 vmi1666406 sshd[661294]: Failed password for invalid user usuario from 173.189.197.38 port 57080 ssh2
Apr 13 05:54:08 vmi1666406 sshd[661294]: Failed password for invalid user usuario from 173.189.197.38 port 57080 ssh2
Apr 13 05:54:13 vmi1666406 sshd[661294]: Failed password for invalid user usuario from 173.189.197.38 port 57080 ssh2
Apr 13 05:54:16 vmi1666406 sshd[661294]: Failed password for invalid user usuario from 173.189.197.38 port 57080 ssh2
Apr 13 05:54:22 vmi1666406 sshd[661296]: Failed password for invalid user usuario from 173.189.197.38 port 60466 ssh2
Apr 13 05:54:26 vmi1666406 sshd[661296]: Failed password for invalid user usuario from 173.189.197.38 port 60466 ssh2
Apr 13 05:54:27 vmi1666406 sshd[661296]: Failed password for invalid user usuario from 173.189.197.38 port 60466 ssh2
Apr 13 05:54:30 vmi1666406 sshd[661296]: Failed password for invalid user usuario from 173.189.197.38 port 60466 ssh2
Apr 13 05:54:34 vmi1666406 sshd[661296]: Failed password for invalid user usuario from 173.189.197.38 port 60466 ssh2
Apr 13 05:54:36 vmi1666406 sshd[661296]: Failed password for invalid user usuario from 173.189.197.38 port 60466 ssh2
Apr 13 05:54:40 vmi1666406 sshd[661298]: Failed password for invalid user usuario from 173.189.197.38 port 35706 ssh2
Apr 13 05:54:42 vmi1666406 sshd[661300]: Failed password for root from 180.101.88.231 port 59275 ssh2
Apr 13 05:54:43 vmi1666406 sshd[661298]: Failed password for invalid user usuario from 173.189.197.38 port 35706 ssh2
Apr 13 05:54:44 vmi1666406 sshd[661302]: Failed password for root from 180.101.88.231 port 19362 ssh2
Apr 13 05:54:46 vmi1666406 sshd[661300]: Failed password for root from 180.101.88.231 port 59275 ssh2
Apr 13 05:54:47 vmi1666406 sshd[661298]: Failed password for invalid user usuario from 173.189.197.38 port 35706 ssh2
Apr 13 05:54:47 vmi1666406 sshd[661302]: Failed password for root from 180.101.88.231 port 19362 ssh2
Apr 13 05:54:48 vmi1666406 sshd[661300]: Failed password for root from 180.101.88.231 port 59275 ssh2
Apr 13 05:54:50 vmi1666406 sshd[661302]: Failed password for root from 180.101.88.231 port 19362 ssh2
Apr 13 05:54:51 vmi1666406 sshd[661298]: Failed password for invalid user usuario from 173.189.197.38 port 35706 ssh2
Apr 13 05:54:56 vmi1666406 sshd[661308]: Failed password for invalid user test from 173.189.197.38 port 38312 ssh2
Apr 13 05:54:59 vmi1666406 sshd[661308]: Failed password for invalid user test from 173.189.197.38 port 38312 ssh2
Apr 13 05:55:02 vmi1666406 sshd[661308]: Failed password for invalid user test from 173.189.197.38 port 38312 ssh2
Apr 13 05:55:04 vmi1666406 sshd[661308]: Failed password for invalid user test from 173.189.197.38 port 38312 ssh2
Apr 13 05:55:07 vmi1666406 sshd[661308]: Failed password for invalid user test from 173.189.197.38 port 38312 ssh2
Apr 13 05:55:11 vmi1666406 sshd[661308]: Failed password for invalid user test from 173.189.197.38 port 38312 ssh2
Apr 13 05:55:15 vmi1666406 sshd[661317]: Failed password for invalid user test from 173.189.197.38 port 41984 ssh2
Apr 13 05:55:18 vmi1666406 sshd[661317]: Failed password for invalid user test from 173.189.197.38 port 41984 ssh2
Apr 13 05:55:22 vmi1666406 sshd[661317]: Failed password for invalid user test from 173.189.197.38 port 41984 ssh2
Apr 13 05:55:25 vmi1666406 sshd[661317]: Failed password for invalid user test from 173.189.197.38 port 41984 ssh2
Apr 13 05:55:27 vmi1666406 sshd[661317]: Failed password for invalid user test from 173.189.197.38 port 41984 ssh2
Apr 13 05:55:29 vmi1666406 sshd[661317]: Failed password for invalid user test from 173.189.197.38 port 41984 ssh2
Apr 13 05:55:35 vmi1666406 sshd[661322]: Failed password for invalid user test from 173.189.197.38 port 45556 ssh2
Apr 13 05:55:37 vmi1666406 sshd[661322]: Failed password for invalid user test from 173.189.197.38 port 45556 ssh2
Apr 13 05:55:39 vmi1666406 sshd[661322]: Failed password for invalid user test from 173.189.197.38 port 45556 ssh2
Apr 13 05:55:43 vmi1666406 sshd[661322]: Failed password for invalid user test from 173.189.197.38 port 45556 ssh2
Apr 13 05:55:48 vmi1666406 sshd[661324]: Failed password for invalid user user from 173.189.197.38 port 47836 ssh2
Apr 13 05:55:50 vmi1666406 sshd[661324]: Failed password for invalid user user from 173.189.197.38 port 47836 ssh2
Apr 13 05:55:52 vmi1666406 sshd[661326]: Failed password for root from 180.101.88.231 port 42624 ssh2
Apr 13 05:55:53 vmi1666406 sshd[661324]: Failed password for invalid user user from 173.189.197.38 port 47836 ssh2
Apr 13 05:55:54 vmi1666406 sshd[661328]: Failed password for root from 180.101.88.231 port 47154 ssh2
Apr 13 05:55:55 vmi1666406 sshd[661326]: Failed password for root from 180.101.88.231 port 42624 ssh2
Apr 13 05:55:56 vmi1666406 sshd[661328]: Failed password for root from 180.101.88.231 port 47154 ssh2
Apr 13 05:55:57 vmi1666406 sshd[661324]: Failed password for invalid user user from 173.189.197.38 port 47836 ssh2
Apr 13 05:55:58 vmi1666406 sshd[661326]: Failed password for root from 180.101.88.231 port 42624 ssh2
Apr 13 05:55:59 vmi1666406 sshd[661328]: Failed password for root from 180.101.88.231 port 47154 ssh2
Apr 13 05:56:00 vmi1666406 sshd[661324]: Failed password for invalid user user from 173.189.197.38 port 47836 ssh2
Apr 13 05:56:02 vmi1666406 sshd[661324]: Failed password for invalid user user from 173.189.197.38 port 47836 ssh2
Apr 13 05:56:07 vmi1666406 sshd[661330]: Failed password for invalid user user from 173.189.197.38 port 51146 ssh2
Apr 13 05:56:09 vmi1666406 sshd[661330]: Failed password for invalid user user from 173.189.197.38 port 51146 ssh2
Apr 13 05:56:12 vmi1666406 sshd[661330]: Failed password for invalid user user from 173.189.197.38 port 51146 ssh2
Apr 13 05:56:14 vmi1666406 sshd[661330]: Failed password for invalid user user from 173.189.197.38 port 51146 ssh2
Apr 13 05:56:17 vmi1666406 sshd[661330]: Failed password for invalid user user from 173.189.197.38 port 51146 ssh2
Apr 13 05:56:19 vmi1666406 sshd[661330]: Failed password for invalid user user from 173.189.197.38 port 51146 ssh2
Apr 13 05:56:22 vmi1666406 sshd[661333]: Failed password for invalid user user from 173.189.197.38 port 54084 ssh2
Apr 13 05:56:24 vmi1666406 sshd[661333]: Failed password for invalid user user from 173.189.197.38 port 54084 ssh2
Apr 13 05:56:27 vmi1666406 sshd[661333]: Failed password for invalid user user from 173.189.197.38 port 54084 ssh2
Apr 13 05:56:30 vmi1666406 sshd[661333]: Failed password for invalid user user from 173.189.197.38 port 54084 ssh2
Apr 13 05:56:34 vmi1666406 sshd[661335]: Failed password for invalid user ftpuser from 173.189.197.38 port 56052 ssh2
Apr 13 05:56:36 vmi1666406 sshd[661335]: Failed password for invalid user ftpuser from 173.189.197.38 port 56052 ssh2
Apr 13 05:56:39 vmi1666406 sshd[661335]: Failed password for invalid user ftpuser from 173.189.197.38 port 56052 ssh2
Apr 13 05:56:42 vmi1666406 sshd[661335]: Failed password for invalid user ftpuser from 173.189.197.38 port 56052 ssh2
Apr 13 05:56:45 vmi1666406 sshd[661335]: Failed password for invalid user ftpuser from 173.189.197.38 port 56052 ssh2
Apr 13 05:56:47 vmi1666406 sshd[661335]: Failed password for invalid user ftpuser from 173.189.197.38 port 56052 ssh2
Apr 13 05:56:52 vmi1666406 sshd[661340]: Failed password for invalid user ftpuser from 173.189.197.38 port 59312 ssh2
Apr 13 05:56:55 vmi1666406 sshd[661340]: Failed password for invalid user ftpuser from 173.189.197.38 port 59312 ssh2
Apr 13 05:56:59 vmi1666406 sshd[661340]: Failed password for invalid user ftpuser from 173.189.197.38 port 59312 ssh2
Apr 13 05:57:02 vmi1666406 sshd[661340]: Failed password for invalid user ftpuser from 173.189.197.38 port 59312 ssh2
Apr 13 05:57:03 vmi1666406 sshd[661342]: Failed password for root from 180.101.88.231 port 38179 ssh2
Apr 13 05:57:04 vmi1666406 sshd[661340]: Failed password for invalid user ftpuser from 173.189.197.38 port 59312 ssh2
Apr 13 05:57:06 vmi1666406 sshd[661344]: Failed password for root from 180.101.88.231 port 54707 ssh2
Apr 13 05:57:07 vmi1666406 sshd[661342]: Failed password for root from 180.101.88.231 port 38179 ssh2
Apr 13 05:57:07 vmi1666406 sshd[661340]: Failed password for invalid user ftpuser from 173.189.197.38 port 59312 ssh2
Apr 13 05:57:09 vmi1666406 sshd[661344]: Failed password for root from 180.101.88.231 port 54707 ssh2
Apr 13 05:57:10 vmi1666406 sshd[661342]: Failed password for root from 180.101.88.231 port 38179 ssh2
Apr 13 05:57:12 vmi1666406 sshd[661346]: Failed password for invalid user ftpuser from 173.189.197.38 port 34612 ssh2
Apr 13 05:57:12 vmi1666406 sshd[661344]: Failed password for root from 180.101.88.231 port 54707 ssh2
Apr 13 05:57:15 vmi1666406 sshd[661346]: Failed password for invalid user ftpuser from 173.189.197.38 port 34612 ssh2
Apr 13 05:57:18 vmi1666406 sshd[661346]: Failed password for invalid user ftpuser from 173.189.197.38 port 34612 ssh2
Apr 13 05:57:18 vmi1666406 sshd[661348]: Failed password for root from 212.70.149.150 port 20305 ssh2
Apr 13 05:57:21 vmi1666406 sshd[661346]: Failed password for invalid user ftpuser from 173.189.197.38 port 34612 ssh2
Apr 13 05:57:26 vmi1666406 sshd[661350]: Failed password for invalid user test1 from 173.189.197.38 port 37040 ssh2
Apr 13 05:57:28 vmi1666406 sshd[661350]: Failed password for invalid user test1 from 173.189.197.38 port 37040 ssh2
Apr 13 05:57:30 vmi1666406 sshd[661350]: Failed password for invalid user test1 from 173.189.197.38 port 37040 ssh2
Apr 13 05:57:34 vmi1666406 sshd[661350]: Failed password for invalid user test1 from 173.189.197.38 port 37040 ssh2
Apr 13 05:57:39 vmi1666406 sshd[661350]: Failed password for invalid user test1 from 173.189.197.38 port 37040 ssh2
Apr 13 05:57:43 vmi1666406 sshd[661350]: Failed password for invalid user test1 from 173.189.197.38 port 37040 ssh2
Apr 13 05:57:47 vmi1666406 sshd[661352]: Failed password for invalid user test1 from 173.189.197.38 port 40688 ssh2
Apr 13 05:57:49 vmi1666406 sshd[661352]: Failed password for invalid user test1 from 173.189.197.38 port 40688 ssh2
Apr 13 05:57:53 vmi1666406 sshd[661352]: Failed password for invalid user test1 from 173.189.197.38 port 40688 ssh2
Apr 13 05:57:57 vmi1666406 sshd[661352]: Failed password for invalid user test1 from 173.189.197.38 port 40688 ssh2
Apr 13 05:57:59 vmi1666406 sshd[661352]: Failed password for invalid user test1 from 173.189.197.38 port 40688 ssh2
Apr 13 05:58:01 vmi1666406 sshd[661352]: Failed password for invalid user test1 from 173.189.197.38 port 40688 ssh2
Apr 13 05:58:06 vmi1666406 sshd[661354]: Failed password for root from 180.101.88.231 port 55694 ssh2
Apr 13 05:58:07 vmi1666406 sshd[661356]: Failed password for root from 180.101.88.231 port 57328 ssh2
Apr 13 05:58:08 vmi1666406 sshd[661358]: Failed password for invalid user test1 from 173.189.197.38 port 44418 ssh2
Apr 13 05:58:09 vmi1666406 sshd[661354]: Failed password for root from 180.101.88.231 port 55694 ssh2
Apr 13 05:58:10 vmi1666406 sshd[661356]: Failed password for root from 180.101.88.231 port 57328 ssh2
Apr 13 05:58:12 vmi1666406 sshd[661358]: Failed password for invalid user test1 from 173.189.197.38 port 44418 ssh2
Apr 13 05:58:13 vmi1666406 sshd[661354]: Failed password for root from 180.101.88.231 port 55694 ssh2
Apr 13 05:58:13 vmi1666406 sshd[661356]: Failed password for root from 180.101.88.231 port 57328 ssh2
Apr 13 05:58:16 vmi1666406 sshd[661358]: Failed password for invalid user test1 from 173.189.197.38 port 44418 ssh2
Apr 13 05:58:18 vmi1666406 sshd[661358]: Failed password for invalid user test1 from 173.189.197.38 port 44418 ssh2
Apr 13 05:58:25 vmi1666406 sshd[661360]: Failed password for invalid user test2 from 173.189.197.38 port 47336 ssh2
Apr 13 05:58:28 vmi1666406 sshd[661360]: Failed password for invalid user test2 from 173.189.197.38 port 47336 ssh2
Apr 13 05:58:31 vmi1666406 sshd[661360]: Failed password for invalid user test2 from 173.189.197.38 port 47336 ssh2
Apr 13 05:58:34 vmi1666406 sshd[661360]: Failed password for invalid user test2 from 173.189.197.38 port 47336 ssh2
Apr 13 05:58:37 vmi1666406 sshd[661360]: Failed password for invalid user test2 from 173.189.197.38 port 47336 ssh2
Apr 13 05:58:40 vmi1666406 sshd[661360]: Failed password for invalid user test2 from 173.189.197.38 port 47336 ssh2
Apr 13 05:58:44 vmi1666406 sshd[661384]: Failed password for invalid user test2 from 173.189.197.38 port 51036 ssh2
Apr 13 05:58:47 vmi1666406 sshd[661384]: Failed password for invalid user test2 from 173.189.197.38 port 51036 ssh2
Apr 13 05:58:50 vmi1666406 sshd[661384]: Failed password for invalid user test2 from 173.189.197.38 port 51036 ssh2
Apr 13 05:58:53 vmi1666406 sshd[661384]: Failed password for invalid user test2 from 173.189.197.38 port 51036 ssh2
Apr 13 05:58:55 vmi1666406 sshd[661384]: Failed password for invalid user test2 from 173.189.197.38 port 51036 ssh2
Apr 13 05:58:59 vmi1666406 sshd[661384]: Failed password for invalid user test2 from 173.189.197.38 port 51036 ssh2
Apr 13 05:59:04 vmi1666406 sshd[661387]: Failed password for invalid user test2 from 173.189.197.38 port 54486 ssh2
Apr 13 05:59:07 vmi1666406 sshd[661387]: Failed password for invalid user test2 from 173.189.197.38 port 54486 ssh2
Apr 13 05:59:10 vmi1666406 sshd[661387]: Failed password for invalid user test2 from 173.189.197.38 port 54486 ssh2
Apr 13 05:59:12 vmi1666406 sshd[661387]: Failed password for invalid user test2 from 173.189.197.38 port 54486 ssh2
Apr 13 05:59:15 vmi1666406 sshd[661389]: Failed password for root from 180.101.88.231 port 13421 ssh2
Apr 13 05:59:17 vmi1666406 sshd[661391]: Failed password for invalid user contador from 173.189.197.38 port 56928 ssh2
Apr 13 05:59:19 vmi1666406 sshd[661389]: Failed password for root from 180.101.88.231 port 13421 ssh2
Apr 13 05:59:20 vmi1666406 sshd[661391]: Failed password for invalid user contador from 173.189.197.38 port 56928 ssh2
Apr 13 05:59:21 vmi1666406 sshd[661389]: Failed password for root from 180.101.88.231 port 13421 ssh2
Apr 13 05:59:24 vmi1666406 sshd[661393]: Failed password for root from 180.101.88.231 port 19228 ssh2
Apr 13 05:59:24 vmi1666406 sshd[661391]: Failed password for invalid user contador from 173.189.197.38 port 56928 ssh2
Apr 13 05:59:26 vmi1666406 sshd[661393]: Failed password for root from 180.101.88.231 port 19228 ssh2
Apr 13 05:59:29 vmi1666406 sshd[661395]: Failed password for invalid user ubuntu from 173.189.197.38 port 58996 ssh2
Apr 13 05:59:30 vmi1666406 sshd[661393]: Failed password for root from 180.101.88.231 port 19228 ssh2
Apr 13 05:59:32 vmi1666406 sshd[661395]: Failed password for invalid user ubuntu from 173.189.197.38 port 58996 ssh2
Apr 13 05:59:37 vmi1666406 sshd[661395]: Failed password for invalid user ubuntu from 173.189.197.38 port 58996 ssh2
Apr 13 05:59:40 vmi1666406 sshd[661395]: Failed password for invalid user ubuntu from 173.189.197.38 port 58996 ssh2
Apr 13 05:59:43 vmi1666406 sshd[661395]: Failed password for invalid user ubuntu from 173.189.197.38 port 58996 ssh2
Apr 13 05:59:48 vmi1666406 sshd[661395]: Failed password for invalid user ubuntu from 173.189.197.38 port 58996 ssh2
Apr 13 05:59:54 vmi1666406 sshd[661397]: Failed password for invalid user ubuntu from 173.189.197.38 port 35114 ssh2
Apr 13 05:59:58 vmi1666406 sshd[661397]: Failed password for invalid user ubuntu from 173.189.197.38 port 35114 ssh2
Apr 13 06:00:02 vmi1666406 sshd[661397]: Failed password for invalid user ubuntu from 173.189.197.38 port 35114 ssh2
Apr 13 06:00:05 vmi1666406 sshd[661397]: Failed password for invalid user ubuntu from 173.189.197.38 port 35114 ssh2
Apr 13 06:00:08 vmi1666406 sshd[661397]: Failed password for invalid user ubuntu from 173.189.197.38 port 35114 ssh2
Apr 13 06:00:11 vmi1666406 sshd[661397]: Failed password for invalid user ubuntu from 173.189.197.38 port 35114 ssh2
Apr 13 06:00:16 vmi1666406 sshd[661416]: Failed password for invalid user ubuntu from 173.189.197.38 port 39232 ssh2
Apr 13 06:00:19 vmi1666406 sshd[661416]: Failed password for invalid user ubuntu from 173.189.197.38 port 39232 ssh2
Apr 13 06:00:23 vmi1666406 sshd[661416]: Failed password for invalid user ubuntu from 173.189.197.38 port 39232 ssh2
Apr 13 06:00:24 vmi1666406 sshd[661420]: Failed password for root from 180.101.88.231 port 18177 ssh2
Apr 13 06:00:26 vmi1666406 sshd[661420]: Failed password for root from 180.101.88.231 port 18177 ssh2
Apr 13 06:00:27 vmi1666406 sshd[661422]: Failed password for invalid user pi from 173.189.197.38 port 41296 ssh2
Apr 13 06:00:30 vmi1666406 sshd[661420]: Failed password for root from 180.101.88.231 port 18177 ssh2
Apr 13 06:00:30 vmi1666406 sshd[661422]: Failed password for invalid user pi from 173.189.197.38 port 41296 ssh2
Apr 13 06:00:34 vmi1666406 sshd[661422]: Failed password for invalid user pi from 173.189.197.38 port 41296 ssh2
Apr 13 06:00:39 vmi1666406 sshd[661424]: Failed password for invalid user baikal from 173.189.197.38 port 43304 ssh2
Apr 13 06:00:43 vmi1666406 sshd[661427]: Failed password for invalid user node from 104.131.186.218 port 56736 ssh2
Apr 13 06:00:55 vmi1666406 sshd[661430]: Failed password for root from 180.101.88.231 port 12036 ssh2
Apr 13 06:01:01 vmi1666406 sshd[661430]: message repeated 2 times: [ Failed password for root from 180.101.88.231 port 12036 ssh2]
Apr 13 06:01:32 vmi1666406 sshd[661433]: Failed password for root from 180.101.88.231 port 35051 ssh2
Apr 13 06:01:38 vmi1666406 sshd[661433]: message repeated 2 times: [ Failed password for root from 180.101.88.231 port 35051 ssh2]
Apr 13 06:01:41 vmi1666406 sshd[661435]: Failed password for root from 180.101.88.231 port 53154 ssh2
Apr 13 06:01:48 vmi1666406 sshd[661435]: message repeated 2 times: [ Failed password for root from 180.101.88.231 port 53154 ssh2]
Apr 13 06:02:41 vmi1666406 sshd[661437]: Failed password for root from 180.101.88.231 port 49257 ssh2
Apr 13 06:02:43 vmi1666406 sshd[661439]: Failed password for root from 180.101.88.231 port 61839 ssh2
Apr 13 06:02:44 vmi1666406 sshd[661437]: Failed password for root from 180.101.88.231 port 49257 ssh2
Apr 13 06:02:46 vmi1666406 sshd[661439]: Failed password for root from 180.101.88.231 port 61839 ssh2
Apr 13 06:02:46 vmi1666406 sshd[661437]: Failed password for root from 180.101.88.231 port 49257 ssh2
Apr 13 06:02:49 vmi1666406 sshd[661439]: Failed password for root from 180.101.88.231 port 61839 ssh2
Apr 13 06:19:38 vmi1666406 sshd[661809]: Failed password for root from 61.177.172.140 port 12198 ssh2
Apr 13 06:19:45 vmi1666406 sshd[661809]: message repeated 2 times: [ Failed password for root from 61.177.172.140 port 12198 ssh2]
Apr 13 06:19:50 vmi1666406 sshd[661811]: Failed password for root from 61.177.172.140 port 33473 ssh2
Apr 13 06:19:53 vmi1666406 sshd[661811]: Failed password for root from 61.177.172.140 port 33473 ssh2
Apr 13 06:19:56 vmi1666406 sshd[661811]: Failed password for root from 61.177.172.140 port 33473 ssh2
Apr 13 06:20:01 vmi1666406 sshd[661814]: Failed password for root from 61.177.172.140 port 48172 ssh2
Apr 13 06:20:05 vmi1666406 sshd[661814]: Failed password for root from 61.177.172.140 port 48172 ssh2
Apr 13 06:20:08 vmi1666406 sshd[661814]: Failed password for root from 61.177.172.140 port 48172 ssh2
Apr 13 06:21:46 vmi1666406 sshd[661849]: Failed password for invalid user gfkm from 116.198.216.49 port 43640 ssh2
Apr 13 06:22:01 vmi1666406 sshd[661853]: Failed password for root from 179.43.180.106 port 44198 ssh2
Apr 13 06:22:04 vmi1666406 sshd[661851]: Failed password for root from 61.177.172.136 port 28887 ssh2
Apr 13 06:22:04 vmi1666406 sshd[661857]: Failed password for root from 179.43.180.106 port 48922 ssh2
Apr 13 06:22:06 vmi1666406 sshd[661855]: Failed password for root from 218.92.0.27 port 64226 ssh2
Apr 13 06:22:07 vmi1666406 sshd[661851]: Failed password for root from 61.177.172.136 port 28887 ssh2
Apr 13 06:22:07 vmi1666406 sshd[661859]: Failed password for root from 179.43.180.106 port 48936 ssh2
Apr 13 06:22:10 vmi1666406 sshd[661861]: Failed password for root from 179.43.180.106 port 48940 ssh2
Apr 13 06:22:10 vmi1666406 sshd[661851]: Failed password for root from 61.177.172.136 port 28887 ssh2
Apr 13 06:22:10 vmi1666406 sshd[661855]: Failed password for root from 218.92.0.27 port 64226 ssh2
Apr 13 06:22:12 vmi1666406 sshd[661863]: Failed password for root from 179.43.180.106 port 48942 ssh2
Apr 13 06:22:12 vmi1666406 sshd[661855]: Failed password for root from 218.92.0.27 port 64226 ssh2
Apr 13 06:22:14 vmi1666406 sshd[661869]: Failed password for root from 179.43.180.106 port 35316 ssh2
Apr 13 06:22:15 vmi1666406 sshd[661865]: Failed password for root from 61.177.172.136 port 61198 ssh2
Apr 13 06:22:16 vmi1666406 sshd[661875]: Failed password for root from 179.43.180.106 port 35340 ssh2
Apr 13 06:22:17 vmi1666406 sshd[661865]: Failed password for root from 61.177.172.136 port 61198 ssh2
Apr 13 06:22:18 vmi1666406 sshd[661871]: Failed password for root from 218.92.0.27 port 27346 ssh2
Apr 13 06:22:20 vmi1666406 sshd[661895]: Failed password for root from 179.43.180.106 port 35348 ssh2
Apr 13 06:22:20 vmi1666406 sshd[661873]: Failed password for root from 218.92.0.56 port 15810 ssh2
Apr 13 06:22:20 vmi1666406 sshd[661865]: Failed password for root from 61.177.172.136 port 61198 ssh2
Apr 13 06:22:23 vmi1666406 sshd[661871]: Failed password for root from 218.92.0.27 port 27346 ssh2
Apr 13 06:22:23 vmi1666406 sshd[661897]: Failed password for root from 179.43.180.106 port 35364 ssh2
Apr 13 06:22:24 vmi1666406 sshd[661873]: Failed password for root from 218.92.0.56 port 15810 ssh2
Apr 13 06:22:26 vmi1666406 sshd[661901]: Failed password for root from 179.43.180.106 port 34750 ssh2
Apr 13 06:22:26 vmi1666406 sshd[661871]: Failed password for root from 218.92.0.27 port 27346 ssh2
Apr 13 06:22:27 vmi1666406 sshd[661873]: Failed password for root from 218.92.0.56 port 15810 ssh2
Apr 13 06:22:28 vmi1666406 sshd[661899]: Failed password for root from 61.177.172.136 port 31130 ssh2
Apr 13 06:22:29 vmi1666406 sshd[661907]: Failed password for root from 179.43.180.106 port 34768 ssh2
Apr 13 06:22:31 vmi1666406 sshd[661899]: Failed password for root from 61.177.172.136 port 31130 ssh2
Apr 13 06:22:31 vmi1666406 sshd[661909]: Failed password for root from 218.92.0.56 port 63239 ssh2
Apr 13 06:22:32 vmi1666406 sshd[661911]: Failed password for root from 179.43.180.106 port 34800 ssh2
Apr 13 06:22:33 vmi1666406 sshd[661903]: Failed password for root from 218.92.0.27 port 51053 ssh2
Apr 13 06:22:34 vmi1666406 sshd[661899]: Failed password for root from 61.177.172.136 port 31130 ssh2
Apr 13 06:22:34 vmi1666406 sshd[661909]: Failed password for root from 218.92.0.56 port 63239 ssh2
Apr 13 06:22:36 vmi1666406 sshd[661913]: Failed password for root from 179.43.180.106 port 39006 ssh2
Apr 13 06:22:37 vmi1666406 sshd[661903]: Failed password for root from 218.92.0.27 port 51053 ssh2
Apr 13 06:22:38 vmi1666406 sshd[661909]: Failed password for root from 218.92.0.56 port 63239 ssh2
Apr 13 06:22:38 vmi1666406 sshd[661915]: Failed password for root from 179.43.180.106 port 39010 ssh2
Apr 13 06:22:40 vmi1666406 sshd[661903]: Failed password for root from 218.92.0.27 port 51053 ssh2
Apr 13 06:22:42 vmi1666406 sshd[661919]: Failed password for root from 179.43.180.106 port 39016 ssh2
Apr 13 06:22:43 vmi1666406 sshd[661917]: Failed password for root from 218.92.0.56 port 36811 ssh2
Apr 13 06:22:45 vmi1666406 sshd[661921]: Failed password for root from 179.43.180.106 port 40036 ssh2
Apr 13 06:22:46 vmi1666406 sshd[661917]: Failed password for root from 218.92.0.56 port 36811 ssh2
Apr 13 06:22:48 vmi1666406 sshd[661923]: Failed password for root from 179.43.180.106 port 40038 ssh2
Apr 13 06:22:49 vmi1666406 sshd[661917]: Failed password for root from 218.92.0.56 port 36811 ssh2
Apr 13 06:22:52 vmi1666406 sshd[661926]: Failed password for root from 179.43.180.106 port 40052 ssh2
Apr 13 06:22:55 vmi1666406 sshd[661928]: Failed password for invalid user Antminer from 179.43.180.106 port 45578 ssh2
Apr 13 06:22:59 vmi1666406 sshd[661930]: Failed password for invalid user Antminer from 179.43.180.106 port 45602 ssh2
Apr 13 06:23:04 vmi1666406 sshd[661933]: Failed password for root from 179.43.180.106 port 37572 ssh2
Apr 13 06:23:08 vmi1666406 sshd[661935]: Failed password for root from 179.43.180.106 port 37574 ssh2
Apr 13 06:23:11 vmi1666406 sshd[661937]: Failed password for root from 179.43.180.106 port 37582 ssh2
Apr 13 06:23:14 vmi1666406 sshd[661939]: Failed password for root from 179.43.180.106 port 50912 ssh2
Apr 13 06:23:17 vmi1666406 sshd[661942]: Failed password for root from 179.43.180.106 port 50928 ssh2
Apr 13 06:23:20 vmi1666406 sshd[661944]: Failed password for invalid user admin from 179.43.180.106 port 50940 ssh2
Apr 13 06:23:22 vmi1666406 sshd[661947]: Failed password for invalid user baikal from 179.43.180.106 port 50956 ssh2
Apr 13 06:29:48 vmi1666406 sshd[662062]: Failed password for invalid user pgnd from 116.198.216.49 port 50020 ssh2
Apr 13 06:30:33 vmi1666406 sshd[662066]: Failed password for invalid user inff from 116.198.216.49 port 34270 ssh2
Apr 13 06:31:10 vmi1666406 sshd[662069]: Failed password for invalid user rvtf from 116.198.216.49 port 35658 ssh2
Apr 13 06:31:52 vmi1666406 sshd[662073]: Failed password for invalid user yfqe from 116.198.216.49 port 51222 ssh2
Apr 13 06:36:50 vmi1666406 sshd[662101]: Failed password for root from 218.92.0.107 port 17622 ssh2
Apr 13 06:36:56 vmi1666406 sshd[662101]: message repeated 2 times: [ Failed password for root from 218.92.0.107 port 17622 ssh2]
Apr 13 06:36:59 vmi1666406 sshd[662103]: Failed password for root from 218.92.0.29 port 17952 ssh2
Apr 13 06:37:03 vmi1666406 sshd[662103]: Failed password for root from 218.92.0.29 port 17952 ssh2
Apr 13 06:37:04 vmi1666406 sshd[662105]: Failed password for root from 218.92.0.107 port 42575 ssh2
Apr 13 06:37:06 vmi1666406 sshd[662103]: Failed password for root from 218.92.0.29 port 17952 ssh2
Apr 13 06:37:07 vmi1666406 sshd[662105]: Failed password for root from 218.92.0.107 port 42575 ssh2
Apr 13 06:37:10 vmi1666406 sshd[662105]: Failed password for root from 218.92.0.107 port 42575 ssh2
Apr 13 06:37:12 vmi1666406 sshd[662107]: Failed password for root from 218.92.0.29 port 63123 ssh2
Apr 13 06:37:15 vmi1666406 sshd[662107]: Failed password for root from 218.92.0.29 port 63123 ssh2
Apr 13 06:37:17 vmi1666406 sshd[662111]: Failed password for root from 218.92.0.107 port 22317 ssh2
Apr 13 06:37:18 vmi1666406 sshd[662107]: Failed password for root from 218.92.0.29 port 63123 ssh2
Apr 13 06:37:20 vmi1666406 sshd[662111]: Failed password for root from 218.92.0.107 port 22317 ssh2
Apr 13 06:37:23 vmi1666406 sshd[662111]: Failed password for root from 218.92.0.107 port 22317 ssh2
Apr 13 06:37:25 vmi1666406 sshd[662114]: Failed password for root from 218.92.0.29 port 25287 ssh2
Apr 13 06:37:31 vmi1666406 sshd[662114]: message repeated 2 times: [ Failed password for root from 218.92.0.29 port 25287 ssh2]
Apr 13 06:41:17 vmi1666406 sshd[662366]: Failed password for root from 180.101.88.205 port 50021 ssh2
Apr 13 06:41:24 vmi1666406 sshd[662366]: message repeated 2 times: [ Failed password for root from 180.101.88.205 port 50021 ssh2]
Apr 13 06:41:35 vmi1666406 sshd[662369]: Failed password for root from 180.101.88.205 port 48271 ssh2
Apr 13 06:41:41 vmi1666406 sshd[662369]: message repeated 2 times: [ Failed password for root from 180.101.88.205 port 48271 ssh2]
Apr 13 06:41:46 vmi1666406 sshd[662371]: Failed password for root from 180.101.88.205 port 12009 ssh2
Apr 13 06:41:49 vmi1666406 sshd[662371]: Failed password for root from 180.101.88.205 port 12009 ssh2
Apr 13 06:41:51 vmi1666406 sshd[662371]: Failed password for root from 180.101.88.205 port 12009 ssh2
Apr 13 06:43:06 vmi1666406 sshd[662382]: Failed password for root from 61.177.172.179 port 34707 ssh2
Apr 13 06:43:10 vmi1666406 sshd[662382]: Failed password for root from 61.177.172.179 port 34707 ssh2
Apr 13 06:43:13 vmi1666406 sshd[662382]: Failed password for root from 61.177.172.179 port 34707 ssh2
Apr 13 06:43:18 vmi1666406 sshd[662385]: Failed password for root from 61.177.172.179 port 56878 ssh2
Apr 13 06:43:25 vmi1666406 sshd[662385]: message repeated 2 times: [ Failed password for root from 61.177.172.179 port 56878 ssh2]
Apr 13 06:43:31 vmi1666406 sshd[662388]: Failed password for root from 61.177.172.179 port 25450 ssh2
Apr 13 06:43:38 vmi1666406 sshd[662388]: message repeated 2 times: [ Failed password for root from 61.177.172.179 port 25450 ssh2]
Apr 13 06:48:23 vmi1666406 sshd[662410]: Failed password for root from 43.156.7.9 port 45684 ssh2
Apr 13 06:48:25 vmi1666406 sshd[662412]: Failed password for root from 103.162.20.168 port 36960 ssh2
Apr 13 06:48:48 vmi1666406 sshd[662416]: Failed password for root from 178.57.127.160 port 52036 ssh2
Apr 13 06:49:19 vmi1666406 sshd[662418]: Failed password for invalid user hadoop from 212.70.149.150 port 63098 ssh2
Apr 13 06:49:23 vmi1666406 sshd[662420]: Failed password for invalid user lstm from 103.170.4.19 port 12769 ssh2
Apr 13 06:49:30 vmi1666406 sshd[662422]: Failed password for invalid user test from 65.20.183.209 port 51302 ssh2
Apr 13 06:49:39 vmi1666406 sshd[662424]: Failed password for invalid user test from 117.4.136.219 port 9709 ssh2
Apr 13 06:49:50 vmi1666406 sshd[662428]: Failed password for root from 105.174.43.194 port 46287 ssh2
Apr 13 06:50:23 vmi1666406 sshd[662432]: Failed password for root from 43.130.17.92 port 51692 ssh2
Apr 13 06:50:44 vmi1666406 sshd[662435]: Failed password for root from 134.209.42.7 port 33068 ssh2
Apr 13 06:52:08 vmi1666406 sshd[662439]: Failed password for root from 43.163.245.223 port 38566 ssh2
Apr 13 06:52:21 vmi1666406 sshd[662443]: Failed password for root from 124.156.204.72 port 37788 ssh2
Apr 13 06:52:33 vmi1666406 sshd[662445]: Failed password for root from 218.92.0.24 port 20246 ssh2
Apr 13 06:52:35 vmi1666406 sshd[662445]: Failed password for root from 218.92.0.24 port 20246 ssh2
Apr 13 06:52:39 vmi1666406 sshd[662445]: Failed password for root from 218.92.0.24 port 20246 ssh2
Apr 13 06:52:45 vmi1666406 sshd[662447]: Failed password for root from 218.92.0.24 port 29161 ssh2
Apr 13 06:52:51 vmi1666406 sshd[662447]: message repeated 2 times: [ Failed password for root from 218.92.0.24 port 29161 ssh2]
Apr 13 06:52:56 vmi1666406 sshd[662449]: Failed password for root from 218.92.0.24 port 43920 ssh2
Apr 13 06:52:59 vmi1666406 sshd[662449]: Failed password for root from 218.92.0.24 port 43920 ssh2
Apr 13 06:53:01 vmi1666406 sshd[662451]: Failed password for invalid user zhangzheng from 129.226.199.34 port 40284 ssh2
Apr 13 06:53:03 vmi1666406 sshd[662449]: Failed password for root from 218.92.0.24 port 43920 ssh2
Apr 13 06:53:19 vmi1666406 sshd[662453]: Failed password for invalid user sdi from 139.59.116.226 port 34594 ssh2
Apr 13 06:53:52 vmi1666406 sshd[662457]: Failed password for root from 180.101.88.196 port 37078 ssh2
Apr 13 06:53:59 vmi1666406 sshd[662457]: message repeated 2 times: [ Failed password for root from 180.101.88.196 port 37078 ssh2]
Apr 13 06:54:29 vmi1666406 sshd[662459]: Failed password for root from 103.100.211.218 port 33596 ssh2
Apr 13 06:54:51 vmi1666406 sshd[662465]: Failed password for root from 103.162.20.168 port 35732 ssh2
Apr 13 06:54:54 vmi1666406 sshd[662467]: Failed password for root from 178.57.127.160 port 59826 ssh2
Apr 13 06:55:01 vmi1666406 sshd[662469]: Failed password for root from 43.156.7.9 port 49204 ssh2
Apr 13 06:55:02 vmi1666406 sshd[662471]: Failed password for root from 105.174.43.194 port 43116 ssh2
Apr 13 06:55:05 vmi1666406 sshd[662477]: Failed password for invalid user svet from 134.209.42.7 port 49126 ssh2
Apr 13 06:55:07 vmi1666406 sshd[662479]: Failed password for root from 43.130.17.92 port 41676 ssh2
Apr 13 06:55:18 vmi1666406 sshd[662482]: Failed password for root from 43.163.245.223 port 48474 ssh2
Apr 13 06:55:35 vmi1666406 sshd[662484]: Failed password for invalid user python from 139.59.116.226 port 44388 ssh2
Apr 13 06:55:42 vmi1666406 sshd[662487]: Failed password for root from 129.226.199.34 port 58258 ssh2
Apr 13 06:55:47 vmi1666406 sshd[662490]: Failed password for invalid user zhucy from 124.156.204.72 port 45896 ssh2
Apr 13 06:55:57 vmi1666406 sshd[662492]: Failed password for root from 103.100.211.218 port 56666 ssh2
Apr 13 06:55:58 vmi1666406 sshd[662494]: Failed password for invalid user dmarc from 178.57.127.160 port 34966 ssh2
Apr 13 06:56:08 vmi1666406 sshd[662497]: Failed password for root from 134.209.42.7 port 55346 ssh2
Apr 13 06:56:12 vmi1666406 sshd[662501]: Failed password for root from 43.130.17.92 port 35262 ssh2
Apr 13 06:56:19 vmi1666406 sshd[662504]: Failed password for invalid user shistm from 43.156.7.9 port 51818 ssh2
Apr 13 06:56:25 vmi1666406 sshd[662506]: Failed password for root from 103.162.20.168 port 33410 ssh2
Apr 13 06:56:38 vmi1666406 sshd[662510]: Failed password for invalid user cchz from 43.163.245.223 port 45514 ssh2
Apr 13 06:56:39 vmi1666406 sshd[662508]: Failed password for root from 105.174.43.194 port 55857 ssh2
Apr 13 06:56:45 vmi1666406 sshd[662512]: Failed password for root from 152.136.178.148 port 46516 ssh2
Apr 13 06:56:57 vmi1666406 sshd[662517]: Failed password for invalid user svet from 129.226.199.34 port 37772 ssh2
Apr 13 06:57:00 vmi1666406 sshd[662519]: Failed password for invalid user cjvc from 139.59.116.226 port 53040 ssh2
Apr 13 06:57:03 vmi1666406 sshd[662521]: Failed password for root from 124.156.204.72 port 39252 ssh2
Apr 13 06:57:03 vmi1666406 sshd[662523]: Failed password for root from 178.57.127.160 port 45170 ssh2
Apr 13 06:57:12 vmi1666406 sshd[662526]: Failed password for invalid user bryan from 134.209.42.7 port 55988 ssh2
Apr 13 06:57:16 vmi1666406 sshd[662528]: Failed password for invalid user postgres from 103.100.211.218 port 49980 ssh2
Apr 13 06:57:17 vmi1666406 sshd[662530]: Failed password for invalid user xhhong2 from 43.130.17.92 port 57074 ssh2
Apr 13 06:57:34 vmi1666406 sshd[662532]: Failed password for root from 43.156.7.9 port 45980 ssh2
Apr 13 06:57:43 vmi1666406 sshd[662534]: Failed password for invalid user scnu from 116.196.70.16 port 37382 ssh2
